MPASM  5.22                          MAIN.ASM   12-26-2015  16:54:04         PAGE  1


LOC  OBJECT CODE     LINE SOURCE TEXT
  VALUE

                      00001         LIST            p=16F887        ;Tipo de microcontrolador
                      00002         INCLUDE         P16F887.INC     ;Define los SFRs y bits del 
                      00001         LIST
                      00002 ; P16F887.INC  Standard Header File, Version 1.00    Microchip Technology, Inc.
                      00617         LIST
                      00003                                         ;P16F88
2007   3FF1           00004         __CONFIG _CONFIG1, _CP_OFF&_WDT_OFF&_XT_OSC     
                      00005                                         ;Setea parámetros de 
                      00006                                         ;configuración
                      00007 
                      00008         errorlevel       -302           ;Deshabilita mensajes de 
                      00009                                         ;advertencia por cambio bancos
                      00010         CBLOCK          0X020
  00000020            00011         counter_tmr0
  00000021            00012         counter1
  00000022            00013         counter2
  00000023            00014         unidades        ;registro de unidades
  00000024            00015         uni_cod ;Código de 7 segmentos de unidades
  00000025            00016         contador
  00000026            00017         decenas
  00000027            00018         sel
  00000028            00019         dec_cod
                      00020         ENDC
                      00021         ;************************START OF PROGRAM ***********************                            ; f
                            orma de iniciar programa que usa interrupciones 
                      00022         
0000                  00023         org             0x00            ; vector de reset
0000   2806           00024         goto    main                    ; salto a "main"
0004                  00025         org             0x04            ; vector de interrupción  
0004   2805           00026         goto    INTERRUPT               ; salto a interrupción
0005                  00027         org             0x05            ; continuación de programa
                      00028 
                      00029 ;************************ MAIN PROGRAM *************************
                      00030 ; inicio de programa principal
                      00031 ;***************************************************************
                      00032 ;SETEO DE PUERTOS Y REGISTROS           
                      00033 
0005                  00034 INTERRUPT
                      00035         ;; btfss INTCON INTF
0005   285B           00036         goto banda1_interrupcion
                      00037         ;; goto banda2_interrupcion
0006                  00038 main
0006   1683 1703      00039         banksel ANSEL           ;Bank containing register ANSEL
0008   0188           00040         clrf    ANSEL           ;Clears registers ANSEL and ANSELH
0009   0189           00041         clrf    ANSELH          ;All pins are digital
000A   01A7           00042         clrf    sel
000B   01A5           00043         CLRF    contador
000C   01A3           00044         CLRF    unidades
000D   01A6           00045         CLRF    decenas
                      00046 
000E   2035           00047         call banda1_puertos
000F   202D           00048         call habilitarInterrupciones
                      00049         ;; TIMER0 USADO COMO TEMPORIZADOR PARA CONTAR
MPASM  5.22                          MAIN.ASM   12-26-2015  16:54:04         PAGE  2


LOC  OBJECT CODE     LINE SOURCE TEXT
  VALUE

0010   2043           00050         call banda1_contarProductos
                      00051 
                      00052 
                      00053 ;;------------MAIN******************************************** 
Warning[207]: Found label after column 1. (lazo)
0011                  00054         lazo
0011   2013           00055         call banda2_iniciar
0012   2811           00056         goto lazo
                      00057 
                      00058 
                      00059 ;;****************************funciones************************
0013                  00060 banda2_iniciar
0013   1A86           00061         btfsc PORTB,5
0014   2816           00062         goto seguir
0015   204F           00063         call banda2_decrementarProducto
0016                  00064 seguir
0016   0008           00065         return  
                      00066 ;;****************DELAY - *******************************
0017                  00067 DELAY
0017   01A2           00068        clrf        counter2        ; Clears variable "counter2"
0018                  00069 loop1
0018   01A1           00070        clrf        counter1        ; Clears variable "counter1"
0019                  00071 loop2
Message[305]: Using default destination of 1 (file).
0019   0BA1           00072        decfsz      counter1        ; Decrements variable "counter1" by 1
001A   2819           00073        goto        loop2           ; Result is not 0. Go to label loop2
Message[305]: Using default destination of 1 (file).
001B   0BA2           00074        decfsz      counter2        ; Decrements variable "counter2" by 1
001C   2818           00075        goto        loop1           ; Result is not 0. Go to lab loop1
001D   0008           00076        return                      ; Return from subroutine "DELAY"
                      00077 
001E                  00078 DELAY2
001E   2017           00079         call DELAY
001F   2017           00080         call DELAY
0020   2017           00081         CALL DELAY
Warning[203]: Found opcode in column 1. (return)
0021   0008           00082 return
                      00083 ;;****************Tabla - *******************************
0022                  00084 tabla
                      00085         
0022   0782           00086         ADDWF   PCL,F           ; PCL + W -> PCL
                      00087                                                 ; El PCL se incrementa con el 
                      00088                                                 ; valor de W proporcionando un 
                      00089                                                 ; salto
0023   343F           00090         RETLW   0x3F            ; Retorna con el código del 0
0024   3406           00091                 RETLW   0x06            ; Retorna con el código del 1
0025   345B           00092                 RETLW   0x5B            ; Retorna con el código del 2
0026   344F           00093                 RETLW   0x4F            ; Retorna con el código del 3
0027   3466           00094                 RETLW   0x66            ; Retorna con el código del 4
0028   346D           00095                 RETLW   0x6D            ; Retorna con el código del 5
0029   347D           00096                 RETLW   0x7D            ; Retorna con el código del 6
002A   3407           00097                 RETLW   0x07            ; Retorna con el código del 7
002B   347F           00098                 RETLW   0x7F            ; Retorna con el código del 8
MPASM  5.22                          MAIN.ASM   12-26-2015  16:54:04         PAGE  3


LOC  OBJECT CODE     LINE SOURCE TEXT
  VALUE

002C   3467           00099                 RETLW   0x67            ; Retorna con el código del 9
                      00100 
                      00101         ;**********************HABILITAR INTERRUPCIONES*********************
002D                  00102 habilitarInterrupciones
002D   1283 1303      00103         banksel INTCON
002F   018B           00104         clrf    INTCON                  ;habilita interrupción
0030   178B           00105         bsf             INTCON,GIE              ;GIE=1 (BIT 7)
                      00106                                         ; habilita interrupciones globales
                      00107         ;; bsf          INTCON,INTE             ;INTE=1 (BIT 4)
                      00108                                         ; habilita interrupciones por señal INT
0031   168B           00109         bsf             INTCON,T0IE             ;T0IE01 (BIT 5)
                      00110                                         ; habilita interrupciones por desbordamiento de TMR0
0032   3064           00111         movlw   .100                    ;Cantidad de interrupciones a contar
0033   00A5           00112         movwf   contador                ;Nº de veces a repetir la interrupción
0034   0008           00113         return
                      00114         
                      00115 
                      00116 ;;; ***********************BANDA 1********************************
0035                  00117 banda1_puertos
0035   1683 1303      00118         banksel TRISC
0037   0187           00119         clrf TRISC              ; salidas en el puerto c
0038   1683 1303      00120         banksel TRISB
003A   303F           00121         movlw   b'00111111'
003B   0086           00122         movwf   TRISB           ;PORTB COMO ENTRADAS excepto pin 6 y 7
003C   1283 1303      00123         banksel PORTB
003E   0186           00124         CLRF    PORTB
003F   1283 1303      00125         banksel PORTC
0041   0187           00126         clrf PORTC
0042   0008           00127         return
                      00128 
0043                  00129 banda1_contarProductos
0043   1283 1303      00130         BANKSEL TMR0
0045   0181           00131         clrf TMR0
0046   1683 1303      00132         BANKSEL OPTION_REG
0048   3007           00133         movlw           b'00000111'     ;TMR0 como temporizador
0049   0081           00134         movwf           OPTION_REG      ;con preescaler de 256 
004A   1283 1303      00135         BANKSEL TMR0            ;Selecciona el Bank0
004C   30D9           00136         movlw           .217            ;Valor decimal 217      
004D   0081           00137         movwf           TMR0            ;Carga el TMR0 con 217
004E   0008           00138         return
                      00139 
004F                  00140 banda2_decrementarProducto
004F   201E           00141                 call DELAY2
0050   1023           00142                 bcf     unidades,0
0051   0823           00143                 movf    unidades,w  
0052   2022           00144                 call    tabla
0053   00A4           00145                 movwf   uni_cod
0054   0824           00146                 movf    uni_cod,w
0055   1706           00147                 bsf     PORTB,6
0056   1786           00148                 bsf     PORTB,7
0057   0087           00149                 movwf   PORTC
0058   1306           00150                 bcf     PORTB,6
0059   09A7           00151                 comf    sel,f
MPASM  5.22                          MAIN.ASM   12-26-2015  16:54:04         PAGE  4


LOC  OBJECT CODE     LINE SOURCE TEXT
  VALUE

005A   0008           00152         return
                      00153 
                      00154 
                      00155         ;; ****************************************INTERRUPCIONES***************************************
                            **
                      00156 ;; banda2_interrupcion
                      00157         ;; call banda2_decrementarProducto
                      00158         ;; bcf INTCON,INTF
                      00159         ;; retfie
005B                  00160 banda1_interrupcion
                      00161         ;; *********************CONTANDO PRODUCTOS EN BANDA 1************************
005B   0827           00162         movf    sel,w           ;Se mueve a si mismo para afectar bandera
005C   1D03           00163         btfss   STATUS,2        ;sel=0 refresca dig1; sel=1 refresca dig2
005D   2868           00164         goto    dig2
Warning[207]: Found label after column 1. (dig1)
005E                  00165         dig1            
005E   0823           00166                 movf    unidades,w  
005F   2022           00167                 call    tabla
0060   00A4           00168                 movwf   uni_cod
0061   0824           00169                 movf    uni_cod,w
0062   1706           00170                 bsf     PORTB,6
0063   1786           00171                 bsf     PORTB,7
0064   0087           00172                 movwf   PORTC
0065   1306           00173                 bcf     PORTB,6
0066   09A7           00174                 comf    sel,f
0067   2871           00175                 goto    dec
Warning[207]: Found label after column 1. (dig2)
0068                  00176         dig2    
0068   0826           00177                 movf    decenas,w  
0069   2022           00178                 call            tabla
006A   00A8           00179                 movwf   dec_cod
006B   0828           00180                 movf    dec_cod,w
006C   1706           00181                 bsf     PORTB,6
006D   1786           00182                 bsf     PORTB,7
006E   0087           00183                 movwf   PORTC
006F   1386           00184                 bcf     PORTB,7
0070   09A7           00185                 comf    sel,f   
Warning[207]: Found label after column 1. (dec)
0071                  00186         dec
0071   0BA5           00187                 decfsz  contador,f              ;cuenta espacios de 10ms
0072   2881           00188                 goto    Seguir                  ;Aún, no son 100 interrupciones
0073   0AA3           00189                 INCF    unidades,f              ;Ahora sí 10x100=1000ms=1seg
0074   300A           00190                 movlw   .10
0075   0223           00191                 subwf   unidades,w
0076   1D03           00192                 btfss   STATUS,2
0077   287F           00193                 goto    cont
0078   01A3           00194                 clrf    unidades
Message[305]: Using default destination of 1 (file).
0079   0AA6           00195                 incf    decenas
007A   300A           00196                 movlw   .10
007B   0226           00197                 subwf   decenas,w
007C   1D03           00198                 btfss   STATUS,2
007D   287F           00199                 goto    cont
MPASM  5.22                          MAIN.ASM   12-26-2015  16:54:04         PAGE  5


LOC  OBJECT CODE     LINE SOURCE TEXT
  VALUE

007E   01A6           00200                 clrf    decenas
Warning[207]: Found label after column 1. (cont)
007F                  00201         cont
007F   3064           00202                 movlw   .100            
0080   00A5           00203         movwf   contador                ;Carga contador con 100
Warning[207]: Found label after column 1. (Seguir)
0081                  00204         Seguir   
0081   110B           00205                 bcf     INTCON,T0IF             ;Repone flag del TMR0 
0082   30D8           00206                 movlw   ~.39
0083   0081           00207         movwf   TMR0                    ;Repone el TMR0 con ~.39
0084   0009           00208         retfie
                      00209 
Warning[205]: Found directive in column 1. (end)
                      00210 end
MPASM  5.22                          MAIN.ASM   12-26-2015  16:54:04         PAGE  6


SYMBOL TABLE
  LABEL                             VALUE 

ABDEN                             00000000
ABDOVF                            00000007
ACKDT                             00000005
ACKEN                             00000004
ACKSTAT                           00000006
ADCON0                            0000001F
ADCON1                            0000009F
ADCS0                             00000006
ADCS1                             00000007
ADDEN                             00000003
ADFM                              00000007
ADIE                              00000006
ADIF                              00000006
ADON                              00000000
ADRESH                            0000001E
ADRESL                            0000009E
ANS0                              00000000
ANS1                              00000001
ANS10                             00000002
ANS11                             00000003
ANS12                             00000004
ANS13                             00000005
ANS2                              00000002
ANS3                              00000003
ANS4                              00000004
ANS5                              00000005
ANS6                              00000006
ANS7                              00000007
ANS8                              00000000
ANS9                              00000001
ANSEL                             00000188
ANSELH                            00000189
BAUDCTL                           00000187
BCLIE                             00000003
BCLIF                             00000003
BF                                00000000
BRG0                              00000000
BRG1                              00000001
BRG10                             00000002
BRG11                             00000003
BRG12                             00000004
BRG13                             00000005
BRG14                             00000006
BRG15                             00000007
BRG16                             00000003
BRG2                              00000002
BRG3                              00000003
BRG4                              00000004
BRG5                              00000005
BRG6                              00000006
BRG7                              00000007
BRG8                              00000000
BRG9                              00000001
MPASM  5.22                          MAIN.ASM   12-26-2015  16:54:04         PAGE  7


SYMBOL TABLE
  LABEL                             VALUE 

BRGH                              00000002
C                                 00000000
C1CH0                             00000000
C1CH1                             00000001
C1IE                              00000005
C1IF                              00000005
C1OE                              00000005
C1ON                              00000007
C1OUT                             00000006
C1POL                             00000004
C1R                               00000002
C1RSEL                            00000005
C1SEN                             00000005
C2CH0                             00000000
C2CH1                             00000001
C2IE                              00000006
C2IF                              00000006
C2OE                              00000005
C2ON                              00000007
C2OUT                             00000006
C2POL                             00000004
C2R                               00000002
C2REN                             00000004
C2RSEL                            00000004
C2SYNC                            00000000
CCP1CON                           00000017
CCP1IE                            00000002
CCP1IF                            00000002
CCP1M0                            00000000
CCP1M1                            00000001
CCP1M2                            00000002
CCP1M3                            00000003
CCP1X                             00000005
CCP1Y                             00000004
CCP2CON                           0000001D
CCP2IE                            00000000
CCP2IF                            00000000
CCP2M0                            00000000
CCP2M1                            00000001
CCP2M2                            00000002
CCP2M3                            00000003
CCP2X                             00000005
CCP2Y                             00000004
CCPR1H                            00000016
CCPR1L                            00000015
CCPR2H                            0000001C
CCPR2L                            0000001B
CHS0                              00000002
CHS1                              00000003
CHS2                              00000004
CHS3                              00000005
CKE                               00000006
CKP                               00000004
MPASM  5.22                          MAIN.ASM   12-26-2015  16:54:04         PAGE  8


SYMBOL TABLE
  LABEL                             VALUE 

CM1CON0                           00000107
CM2CON0                           00000108
CM2CON1                           00000109
CREN                              00000004
CSRC                              00000007
D                                 00000005
DATA_ADDRESS                      00000005
DC                                00000001
DC1B0                             00000004
DC1B1                             00000005
DC2B0                             00000004
DC2B1                             00000005
DELAY                             00000017
DELAY2                            0000001E
D_A                               00000005
ECCPAS                            0000009C
ECCPAS0                           00000004
ECCPAS1                           00000005
ECCPAS2                           00000006
ECCPASE                           00000007
EEADR                             0000010D
EEADRH                            0000010F
EECON1                            0000018C
EECON2                            0000018D
EEDAT                             0000010C
EEDATA                            0000010C
EEDATH                            0000010E
EEIE                              00000004
EEIF                              00000004
EEPGD                             00000007
F                                 00000001
FERR                              00000002
FSR                               00000004
FVREN                             00000000
GCEN                              00000007
GIE                               00000007
GO                                00000001
GO_DONE                           00000001
HTS                               00000002
I2C_DATA                          00000005
I2C_READ                          00000002
I2C_START                         00000003
I2C_STOP                          00000004
INDF                              00000000
INTCON                            0000000B
INTE                              00000004
INTEDG                            00000006
INTERRUPT                         00000005
INTF                              00000001
IOCB                              00000096
IOCB0                             00000000
IOCB1                             00000001
IOCB2                             00000002
MPASM  5.22                          MAIN.ASM   12-26-2015  16:54:04         PAGE  9


SYMBOL TABLE
  LABEL                             VALUE 

IOCB3                             00000003
IOCB4                             00000004
IOCB5                             00000005
IOCB6                             00000006
IOCB7                             00000007
IRCF0                             00000004
IRCF1                             00000005
IRCF2                             00000006
IRP                               00000007
LTS                               00000001
MC1OUT                            00000007
MC2OUT                            00000006
MSK                               00000093
NOT_A                             00000005
NOT_ADDRESS                       00000005
NOT_BO                            00000000
NOT_BOR                           00000000
NOT_DONE                          00000001
NOT_PD                            00000003
NOT_POR                           00000001
NOT_RBPU                          00000007
NOT_RC8                           00000006
NOT_T1SYNC                        00000002
NOT_TO                            00000004
NOT_TX8                           00000006
NOT_W                             00000002
NOT_WRITE                         00000002
OERR                              00000001
OPTION_REG                        00000081
OSCCON                            0000008F
OSCTUNE                           00000090
OSFIE                             00000007
OSFIF                             00000007
OSTS                              00000003
P                                 00000004
P1M0                              00000006
P1M1                              00000007
PCL                               00000002
PCLATH                            0000000A
PCON                              0000008E
PDC0                              00000000
PDC1                              00000001
PDC2                              00000002
PDC3                              00000003
PDC4                              00000004
PDC5                              00000005
PDC6                              00000006
PEIE                              00000006
PEN                               00000002
PIE1                              0000008C
PIE2                              0000008D
PIR1                              0000000C
PIR2                              0000000D
MPASM  5.22                          MAIN.ASM   12-26-2015  16:54:04         PAGE 10


SYMBOL TABLE
  LABEL                             VALUE 

PORTA                             00000005
PORTB                             00000006
PORTC                             00000007
PORTD                             00000008
PORTE                             00000009
PR2                               00000092
PRSEN                             00000007
PS0                               00000000
PS1                               00000001
PS2                               00000002
PSA                               00000003
PSSAC0                            00000002
PSSAC1                            00000003
PSSBD0                            00000000
PSSBD1                            00000001
PSTRCON                           0000009D
PULSR                             00000002
PULSS                             00000003
PWM1CON                           0000009B
R                                 00000002
RBIE                              00000003
RBIF                              00000000
RC8_9                             00000006
RC9                               00000006
RCD8                              00000000
RCEN                              00000003
RCIDL                             00000006
RCIE                              00000005
RCIF                              00000005
RCREG                             0000001A
RCSTA                             00000018
RD                                00000000
READ_WRITE                        00000002
RP0                               00000005
RP1                               00000006
RSEN                              00000001
RX9                               00000006
RX9D                              00000000
R_W                               00000002
S                                 00000003
SBOREN                            00000004
SCKP                              00000004
SCS                               00000000
SEN                               00000000
SENDB                             00000003
SMP                               00000007
SPBRG                             00000099
SPBRGH                            0000009A
SPEN                              00000007
SR0                               00000006
SR1                               00000007
SRCON                             00000185
SREN                              00000005
MPASM  5.22                          MAIN.ASM   12-26-2015  16:54:04         PAGE 11


SYMBOL TABLE
  LABEL                             VALUE 

SSPADD                            00000093
SSPBUF                            00000013
SSPCON                            00000014
SSPCON2                           00000091
SSPEN                             00000005
SSPIE                             00000003
SSPIF                             00000003
SSPM0                             00000000
SSPM1                             00000001
SSPM2                             00000002
SSPM3                             00000003
SSPMSK                            00000093
SSPOV                             00000006
SSPSTAT                           00000094
STATUS                            00000003
STRA                              00000000
STRB                              00000001
STRC                              00000002
STRD                              00000003
STRSYNC                           00000004
SWDTEN                            00000000
SYNC                              00000004
Seguir                            00000081
T0CS                              00000005
T0IE                              00000005
T0IF                              00000002
T0SE                              00000004
T1CKPS0                           00000004
T1CKPS1                           00000005
T1CON                             00000010
T1GIV                             00000007
T1GSS                             00000001
T1INSYNC                          00000002
T1OSCEN                           00000003
T1SYNC                            00000002
T2CKPS0                           00000000
T2CKPS1                           00000001
T2CON                             00000012
TMR0                              00000001
TMR0IE                            00000005
TMR0IF                            00000002
TMR1CS                            00000001
TMR1GE                            00000006
TMR1H                             0000000F
TMR1IE                            00000000
TMR1IF                            00000000
TMR1L                             0000000E
TMR1ON                            00000000
TMR2                              00000011
TMR2IE                            00000001
TMR2IF                            00000001
TMR2ON                            00000002
TOUTPS0                           00000003
MPASM  5.22                          MAIN.ASM   12-26-2015  16:54:04         PAGE 12


SYMBOL TABLE
  LABEL                             VALUE 

TOUTPS1                           00000004
TOUTPS2                           00000005
TOUTPS3                           00000006
TRISA                             00000085
TRISB                             00000086
TRISC                             00000087
TRISD                             00000088
TRISE                             00000089
TRMT                              00000001
TUN0                              00000000
TUN1                              00000001
TUN2                              00000002
TUN3                              00000003
TUN4                              00000004
TX8_9                             00000006
TX9                               00000006
TX9D                              00000000
TXD8                              00000000
TXEN                              00000005
TXIE                              00000004
TXIF                              00000004
TXREG                             00000019
TXSTA                             00000098
UA                                00000001
ULPWUE                            00000005
ULPWUIE                           00000002
ULPWUIF                           00000002
VCFG0                             00000004
VCFG1                             00000005
VR0                               00000000
VR1                               00000001
VR2                               00000002
VR3                               00000003
VRCON                             00000097
VREN                              00000007
VROE                              00000006
VRR                               00000005
VRSS                              00000004
W                                 00000000
WCOL                              00000007
WDTCON                            00000105
WDTPS0                            00000001
WDTPS1                            00000002
WDTPS2                            00000003
WDTPS3                            00000004
WPUB                              00000095
WPUB0                             00000000
WPUB1                             00000001
WPUB2                             00000002
WPUB3                             00000003
WPUB4                             00000004
WPUB5                             00000005
WPUB6                             00000006
MPASM  5.22                          MAIN.ASM   12-26-2015  16:54:04         PAGE 13


SYMBOL TABLE
  LABEL                             VALUE 

WPUB7                             00000007
WR                                00000001
WREN                              00000002
WRERR                             00000003
WUE                               00000001
Z                                 00000002
_BOR21V                           00003EFF
_BOR40V                           00003FFF
_BOR_NSLEEP                       00003EFF
_BOR_OFF                          00003CFF
_BOR_ON                           00003FFF
_BOR_SBODEN                       00003DFF
_CONFIG1                          00002007
_CONFIG2                          00002008
_CPD_OFF                          00003FFF
_CPD_ON                           00003F7F
_CP_OFF                           00003FFF
_CP_ON                            00003FBF
_DEBUG_OFF                        00003FFF
_DEBUG_ON                         00001FFF
_EC_OSC                           00003FFB
_EXTRC                            00003FFF
_EXTRCIO                          00003FFE
_EXTRC_OSC_CLKOUT                 00003FFF
_EXTRC_OSC_NOCLKOUT               00003FFE
_FCMEN_OFF                        000037FF
_FCMEN_ON                         00003FFF
_HS_OSC                           00003FFA
_IESO_OFF                         00003BFF
_IESO_ON                          00003FFF
_INTOSC                           00003FFD
_INTOSCIO                         00003FFC
_INTRC_OSC_CLKOUT                 00003FFD
_INTRC_OSC_NOCLKOUT               00003FFC
_LP_OSC                           00003FF8
_LVP_OFF                          00002FFF
_LVP_ON                           00003FFF
_MCLRE_OFF                        00003FDF
_MCLRE_ON                         00003FFF
_PWRTE_OFF                        00003FFF
_PWRTE_ON                         00003FEF
_WDT_OFF                          00003FF7
_WDT_ON                           00003FFF
_WRT_1FOURTH                      00003BFF
_WRT_256                          00003DFF
_WRT_HALF                         000039FF
_WRT_OFF                          00003FFF
_XT_OSC                           00003FF9
__16F887                          00000001
__DEBUG                           1
banda1_contarProductos            00000043
banda1_interrupcion               0000005B
banda1_puertos                    00000035
MPASM  5.22                          MAIN.ASM   12-26-2015  16:54:04         PAGE 14


SYMBOL TABLE
  LABEL                             VALUE 

banda2_decrementarProducto        0000004F
banda2_iniciar                    00000013
cont                              0000007F
contador                          00000025
counter1                          00000021
counter2                          00000022
counter_tmr0                      00000020
dec                               00000071
dec_cod                           00000028
decenas                           00000026
dig1                              0000005E
dig2                              00000068
habilitarInterrupciones           0000002D
lazo                              00000011
loop1                             00000018
loop2                             00000019
main                              00000006
seguir                            00000016
sel                               00000027
tabla                             00000022
uni_cod                           00000024
unidades                          00000023


MEMORY USAGE MAP ('X' = Used,  '-' = Unused)

0000 : X---XXXXXXXXXXXX XXXXXXXXXXXXXXXX XXXXXXXXXXXXXXXX XXXXXXXXXXXXXXXX
0040 : XXXXXXXXXXXXXXXX XXXXXXXXXXXXXXXX XXXXXXXXXXXXXXXX XXXXXXXXXXXXXXXX
0080 : XXXXX----------- ---------------- ---------------- ----------------
2000 : -------X-------- ---------------- ---------------- ----------------

All other memory blocks unused.

Program Memory Words Used:   130
Program Memory Words Free:  8062


Errors   :     0
Warnings :     8 reported,     0 suppressed
Messages :     3 reported,     5 suppressed

